// Jest Snapshot v1, https://goo.gl/fbAQLP

exports[`Storyshots Feed default 1`] = `
<div
  className="feed"
  style={Object {}}
/>
`;

exports[`Storyshots InfoCard Acoustic Night 1`] = `
<div
  style={
    Object {
      "backgroundColor": "#E5E5E5",
      "padding": 20,
    }
  }
>
  <div
    className="info-card"
  >
    <div
      className={
        Object {
          "has": [Function],
          "is": [Function],
          "mix": [Function],
          "split": [Function],
          "state": [Function],
          "toString": [Function],
        }
      }
    >
      <figure
        className="poster-card"
      >
        <img
          alt=""
          className={
            Object {
              "has": [Function],
              "is": [Function],
              "mix": [Function],
              "split": [Function],
              "state": [Function],
              "toString": [Function],
            }
          }
          src="acoustic.night.jpg"
        />
      </figure>
    </div>
    <div
      className={
        Object {
          "has": [Function],
          "is": [Function],
          "mix": [Function],
          "split": [Function],
          "state": [Function],
          "toString": [Function],
        }
      }
    >
      <div
        className="info-header"
      >
        <div
          className={
            Object {
              "has": [Function],
              "is": [Function],
              "mix": [Function],
              "split": [Function],
              "state": [Function],
              "toString": [Function],
            }
          }
        >
          <img
            alt=""
            src="acoustic.night.jpg"
          />
        </div>
        <div
          className={
            Object {
              "has": [Function],
              "is": [Function],
              "mix": [Function],
              "split": [Function],
              "state": [Function],
              "toString": [Function],
            }
          }
        >
          <div
            className={
              Object {
                "has": [Function],
                "is": [Function],
                "mix": [Function],
                "split": [Function],
                "state": [Function],
                "toString": [Function],
              }
            }
          >
            Acoustic Night
          </div>
          <div
            className={
              Object {
                "has": [Function],
                "is": [Function],
                "mix": [Function],
                "split": [Function],
                "state": [Function],
                "toString": [Function],
              }
            }
          >
            Ballroom Right, 19:00 31 Oct 2019
          </div>
        </div>
      </div>
      <div
        className={
          Object {
            "has": [Function],
            "is": [Function],
            "mix": [Function],
            "split": [Function],
            "state": [Function],
            "toString": [Function],
          }
        }
      >
        –í—Å–µ–º –ø—Ä–∏–≤–µ—Ç! –ö–∞–∫ –≤–∞—à–∏ –≤—ã—Ö–æ–¥–Ω—ã–µ? –ì–æ—Ç–æ–≤—ã –∫ –Ω–æ–≤–æ–π –Ω–µ–¥–µ–ª–µ?

–í–µ–¥—å —É–∂–µ –≤ —Å—Ä–µ–¥—É, 31 –æ–∫—Ç—è–±—Ä—è, —Å–æ—Å—Ç–æ–∏—Ç—Å—è –Ω–∞—à Acoustic Nightüòç

–ì–æ—Ç–æ–≤—å—Ç–µ —Å–≤–æ–∏ –ø–ª–µ–¥—ã –¥–ª—è —É—é—Ç–Ω–æ–π –∏ —Ç–µ–ø–ª–æ–π –∞—Ç–º–æ—Å—Ñ–µ—Ä—ã –≤ Ballroom Right –≤ 19:00 –≤–µ—á–µ—Ä–∞!

–í–∞—Å –∂–¥–µ—Ç –ø—Ä–∏—è—Ç–Ω—ã–π –≤–µ—á–µ—Ä –º—É–∑—ã–∫–∏, –≥–¥–µ –≤—ã —É—Å–ª—ã—à–∏—Ç–µ —Ä–∞–∑–ª–∏—á–Ω—ã–µ –∫–∞–≤–µ—Ä—ã,–Ω–æ —Å–∞–º–æ–µ –≥–ª–∞–≤–Ω–æ–µ, –Ω–∞ –∫–æ–Ω—Ü–µ—Ä—Ç–µ, –≤—ã —Å—Ç–∞–Ω–µ—Ç–µ –ø–µ—Ä–≤—ã–º–∏ —Å–ª—É—à–∞—Ç–µ–ª—è–º–∏ –∞–≤—Ç–æ—Ä—Å–∫–∏—Ö –ø–µ—Å–µ–Ωüò± 
–ü—Ä–∏—Ö–æ–¥–∏—Ç–µ –∏ –ø–æ–¥–¥–µ—Ä–∂–∏—Ç–µ —Å–≤–æ–∏—Ö –¥—Ä—É–∑–µ–π, –∑–Ω–∞–∫–æ–º—ã—Ö –∏ –ø—Ä–æ—Å—Ç–æ —Ç–∞–ª–∞–Ω—Ç–ª–∏–≤—ã—Ö —Å—Ç—É–¥–µ–Ω—Ç–æ–≤!

–ù–µ –∑–∞–±—ã–≤–∞–π—Ç–µ —Å—Ç–∞–≤–∏—Ç—å –ª–∞–π–∫–∏,
—Ä–µ–ø–æ—Å—Ç—ã —Ç–∞–∫ –∂–µ –ø—Ä–∏–≤–µ—Ç—Å—Ç–≤—É—é—Ç—Å—èüòâ
–ü–æ–¥–ø–∏—Å—ã–≤–∞–π—Ç–µ—Å—å —Ç–∞–∫ –∂–µ –Ω–∞ –Ω–∞—Å –≤–æ –≤—Å–µ—Ö —Å–æ—Ü —Å–µ—Ç—è—Ö!

      </div>
    </div>
  </div>
</div>
`;

exports[`Storyshots InfoCard/InfoHeader Acoustic Night 1`] = `
<div
  style={
    Object {
      "padding": 20,
    }
  }
>
  <div
    className="info-header"
  >
    <div
      className={
        Object {
          "has": [Function],
          "is": [Function],
          "mix": [Function],
          "split": [Function],
          "state": [Function],
          "toString": [Function],
        }
      }
    >
      <img
        alt=""
        src="acoustic.night.jpg"
      />
    </div>
    <div
      className={
        Object {
          "has": [Function],
          "is": [Function],
          "mix": [Function],
          "split": [Function],
          "state": [Function],
          "toString": [Function],
        }
      }
    >
      <div
        className={
          Object {
            "has": [Function],
            "is": [Function],
            "mix": [Function],
            "split": [Function],
            "state": [Function],
            "toString": [Function],
          }
        }
      >
        Acoustic Night
      </div>
      <div
        className={
          Object {
            "has": [Function],
            "is": [Function],
            "mix": [Function],
            "split": [Function],
            "state": [Function],
            "toString": [Function],
          }
        }
      >
        Ballroom Right, 19:00 9 Oct 2019
      </div>
    </div>
  </div>
</div>
`;

exports[`Storyshots PosterCard album 1`] = `
<div
  style={
    Object {
      "width": 400,
    }
  }
>
  <figure
    className="poster-card"
  >
    <img
      alt=""
      className={
        Object {
          "has": [Function],
          "is": [Function],
          "mix": [Function],
          "split": [Function],
          "state": [Function],
          "toString": [Function],
        }
      }
      src="equality.jpg"
    />
  </figure>
</div>
`;

exports[`Storyshots PosterCard portait 1`] = `
<div
  style={
    Object {
      "width": 400,
    }
  }
>
  <figure
    className="poster-card"
  >
    <img
      alt=""
      className={
        Object {
          "has": [Function],
          "is": [Function],
          "mix": [Function],
          "split": [Function],
          "state": [Function],
          "toString": [Function],
        }
      }
      src="moldanazar.jpg"
    />
  </figure>
</div>
`;

exports[`Storyshots PosterCard square 1`] = `
<div
  style={
    Object {
      "width": 400,
    }
  }
>
  <figure
    className="poster-card"
  >
    <img
      alt=""
      className={
        Object {
          "has": [Function],
          "is": [Function],
          "mix": [Function],
          "split": [Function],
          "state": [Function],
          "toString": [Function],
        }
      }
      src="golden.middle.jpg"
    />
  </figure>
</div>
`;
